#-----------------------------------------------------------
# Vivado v2019.1 (64-bit)
# SW Build 2552052 on Fri May 24 14:49:42 MDT 2019
# IP Build 2548770 on Fri May 24 18:01:18 MDT 2019
# Start of session at: Tue Oct 29 20:36:45 2019
# Process ID: 2572
# Current directory: C:/Users/sinow/Documents/ELC363-Lab/Lab3/test4
# Command line: vivado.exe -gui_launcher_event rodinguilauncherevent17736 C:\Users\sinow\Documents\ELC363-Lab\Lab3\test4\test4.xpr
# Log file: C:/Users/sinow/Documents/ELC363-Lab/Lab3/test4/vivado.log
# Journal file: C:/Users/sinow/Documents/ELC363-Lab/Lab3/test4\vivado.jou
#-----------------------------------------------------------
start_gui
open_project C:/Users/sinow/Documents/ELC363-Lab/Lab3/test4/test4.xpr
update_compile_order -fileset sources_1
set_property needs_refresh false [get_runs synth_1]
set_property needs_refresh false [get_runs impl_1]
launch_simulation
source Processor_TB.tcl
close_sim
open_run impl_1
close_design
set_property needs_refresh false [get_runs synth_1]
set_property needs_refresh false [get_runs impl_1]
launch_simulation
source Processor_TB.tcl
restart
set_property needs_refresh false [get_runs synth_1]
set_property needs_refresh false [get_runs impl_1]
restart
run 10 us
close_sim
launch_simulation
source Processor_TB.tcl
close_sim
